F:\Repositorios\AppColectivos\Test\Test\app\routes\index.js
F:\Repositorios\AppColectivos\Test\Test\app\routes\index.js.map
F:\Repositorios\AppColectivos\Test\Test\app\models\posicionGPSModel.js
F:\Repositorios\AppColectivos\Test\Test\app\models\posicionGPSModel.js.map
F:\Repositorios\AppColectivos\Test\Test\app\repositories\posicionGPSRepository.js
F:\Repositorios\AppColectivos\Test\Test\app\repositories\posicionGPSRepository.js.map
F:\Repositorios\AppColectivos\Test\Test\app\services\posicionGPSService.js
F:\Repositorios\AppColectivos\Test\Test\app\services\posicionGPSService.js.map
F:\Repositorios\AppColectivos\Test\Test\app\controllers\posicionGPSController.js
F:\Repositorios\AppColectivos\Test\Test\app\controllers\posicionGPSController.js.map
F:\Repositorios\AppColectivos\Test\Test\app\routes\posicionGPSRoutes.js
F:\Repositorios\AppColectivos\Test\Test\app\routes\posicionGPSRoutes.js.map
F:\Repositorios\AppColectivos\Test\Test\app\models\paradaColectivoModel.js
F:\Repositorios\AppColectivos\Test\Test\app\models\paradaColectivoModel.js.map
F:\Repositorios\AppColectivos\Test\Test\app\repositories\paradaColectivoRepository.js
F:\Repositorios\AppColectivos\Test\Test\app\repositories\paradaColectivoRepository.js.map
F:\Repositorios\AppColectivos\Test\Test\app\services\paradaColectivoService.js
F:\Repositorios\AppColectivos\Test\Test\app\services\paradaColectivoService.js.map
F:\Repositorios\AppColectivos\Test\Test\app\controllers\paradaColectivoController.js
F:\Repositorios\AppColectivos\Test\Test\app\controllers\paradaColectivoController.js.map
F:\Repositorios\AppColectivos\Test\Test\app\routes\paradaColectivoRoutes.js
F:\Repositorios\AppColectivos\Test\Test\app\routes\paradaColectivoRoutes.js.map
F:\Repositorios\AppColectivos\Test\Test\app\models\lineaColectivoModel.js
F:\Repositorios\AppColectivos\Test\Test\app\models\lineaColectivoModel.js.map
F:\Repositorios\AppColectivos\Test\Test\app\repositories\lineaColectivoRepository.js
F:\Repositorios\AppColectivos\Test\Test\app\repositories\lineaColectivoRepository.js.map
F:\Repositorios\AppColectivos\Test\Test\app\services\lineaCOlectivoService.js
F:\Repositorios\AppColectivos\Test\Test\app\services\lineaCOlectivoService.js.map
F:\Repositorios\AppColectivos\Test\Test\app\controllers\lineaColectivoController.js
F:\Repositorios\AppColectivos\Test\Test\app\controllers\lineaColectivoController.js.map
F:\Repositorios\AppColectivos\Test\Test\app\routes\lineaColectivoRoutes.js
F:\Repositorios\AppColectivos\Test\Test\app\routes\lineaColectivoRoutes.js.map
F:\Repositorios\AppColectivos\Test\Test\app\services\procesoTrasladoService.js
F:\Repositorios\AppColectivos\Test\Test\app\services\procesoTrasladoService.js.map
F:\Repositorios\AppColectivos\Test\Test\app\controllers\procesoTrasladoController.js
F:\Repositorios\AppColectivos\Test\Test\app\controllers\procesoTrasladoController.js.map
F:\Repositorios\AppColectivos\Test\Test\app\routes\procesoTrasladoRoutes.js
F:\Repositorios\AppColectivos\Test\Test\app\routes\procesoTrasladoRoutes.js.map
F:\Repositorios\AppColectivos\Test\Test\app.js
F:\Repositorios\AppColectivos\Test\Test\app.js.map
F:\Repositorios\AppColectivos\Test\Test\app\routes\index.js
F:\Repositorios\AppColectivos\Test\Test\app\routes\index.js.map
F:\Repositorios\AppColectivos\Test\Test\app\models\posicionGPSModel.js
F:\Repositorios\AppColectivos\Test\Test\app\models\posicionGPSModel.js.map
F:\Repositorios\AppColectivos\Test\Test\app\repositories\posicionGPSRepository.js
F:\Repositorios\AppColectivos\Test\Test\app\repositories\posicionGPSRepository.js.map
F:\Repositorios\AppColectivos\Test\Test\app\services\posicionGPSService.js
F:\Repositorios\AppColectivos\Test\Test\app\services\posicionGPSService.js.map
F:\Repositorios\AppColectivos\Test\Test\app\controllers\posicionGPSController.js
F:\Repositorios\AppColectivos\Test\Test\app\controllers\posicionGPSController.js.map
F:\Repositorios\AppColectivos\Test\Test\app\routes\posicionGPSRoutes.js
F:\Repositorios\AppColectivos\Test\Test\app\routes\posicionGPSRoutes.js.map
F:\Repositorios\AppColectivos\Test\Test\app\models\paradaColectivoModel.js
F:\Repositorios\AppColectivos\Test\Test\app\models\paradaColectivoModel.js.map
F:\Repositorios\AppColectivos\Test\Test\app\repositories\paradaColectivoRepository.js
F:\Repositorios\AppColectivos\Test\Test\app\repositories\paradaColectivoRepository.js.map
F:\Repositorios\AppColectivos\Test\Test\app\services\paradaColectivoService.js
F:\Repositorios\AppColectivos\Test\Test\app\services\paradaColectivoService.js.map
F:\Repositorios\AppColectivos\Test\Test\app\controllers\paradaColectivoController.js
F:\Repositorios\AppColectivos\Test\Test\app\controllers\paradaColectivoController.js.map
F:\Repositorios\AppColectivos\Test\Test\app\routes\paradaColectivoRoutes.js
F:\Repositorios\AppColectivos\Test\Test\app\routes\paradaColectivoRoutes.js.map
F:\Repositorios\AppColectivos\Test\Test\app\models\lineaColectivoModel.js
F:\Repositorios\AppColectivos\Test\Test\app\models\lineaColectivoModel.js.map
F:\Repositorios\AppColectivos\Test\Test\app\repositories\lineaColectivoRepository.js
F:\Repositorios\AppColectivos\Test\Test\app\repositories\lineaColectivoRepository.js.map
F:\Repositorios\AppColectivos\Test\Test\app\services\lineaCOlectivoService.js
F:\Repositorios\AppColectivos\Test\Test\app\services\lineaCOlectivoService.js.map
F:\Repositorios\AppColectivos\Test\Test\app\controllers\lineaColectivoController.js
F:\Repositorios\AppColectivos\Test\Test\app\controllers\lineaColectivoController.js.map
F:\Repositorios\AppColectivos\Test\Test\app\routes\lineaColectivoRoutes.js
F:\Repositorios\AppColectivos\Test\Test\app\routes\lineaColectivoRoutes.js.map
F:\Repositorios\AppColectivos\Test\Test\app\services\procesoTrasladoService.js
F:\Repositorios\AppColectivos\Test\Test\app\services\procesoTrasladoService.js.map
F:\Repositorios\AppColectivos\Test\Test\app\controllers\procesoTrasladoController.js
F:\Repositorios\AppColectivos\Test\Test\app\controllers\procesoTrasladoController.js.map
F:\Repositorios\AppColectivos\Test\Test\app\routes\procesoTrasladoRoutes.js
F:\Repositorios\AppColectivos\Test\Test\app\routes\procesoTrasladoRoutes.js.map
F:\Repositorios\AppColectivos\Test\Test\app.js
F:\Repositorios\AppColectivos\Test\Test\app.js.map
F:\Repositorios\AppColectivos\Test\Test\app\routes\index.js
F:\Repositorios\AppColectivos\Test\Test\app\routes\index.js.map
F:\Repositorios\AppColectivos\Test\Test\app\models\posicionGPSModel.js
F:\Repositorios\AppColectivos\Test\Test\app\models\posicionGPSModel.js.map
F:\Repositorios\AppColectivos\Test\Test\app\repositories\posicionGPSRepository.js
F:\Repositorios\AppColectivos\Test\Test\app\repositories\posicionGPSRepository.js.map
F:\Repositorios\AppColectivos\Test\Test\app\services\posicionGPSService.js
F:\Repositorios\AppColectivos\Test\Test\app\services\posicionGPSService.js.map
F:\Repositorios\AppColectivos\Test\Test\app\controllers\posicionGPSController.js
F:\Repositorios\AppColectivos\Test\Test\app\controllers\posicionGPSController.js.map
F:\Repositorios\AppColectivos\Test\Test\app\routes\posicionGPSRoutes.js
F:\Repositorios\AppColectivos\Test\Test\app\routes\posicionGPSRoutes.js.map
F:\Repositorios\AppColectivos\Test\Test\app\models\paradaColectivoModel.js
F:\Repositorios\AppColectivos\Test\Test\app\models\paradaColectivoModel.js.map
F:\Repositorios\AppColectivos\Test\Test\app\repositories\paradaColectivoRepository.js
F:\Repositorios\AppColectivos\Test\Test\app\repositories\paradaColectivoRepository.js.map
F:\Repositorios\AppColectivos\Test\Test\app\services\paradaColectivoService.js
F:\Repositorios\AppColectivos\Test\Test\app\services\paradaColectivoService.js.map
F:\Repositorios\AppColectivos\Test\Test\app\controllers\paradaColectivoController.js
F:\Repositorios\AppColectivos\Test\Test\app\controllers\paradaColectivoController.js.map
F:\Repositorios\AppColectivos\Test\Test\app\routes\paradaColectivoRoutes.js
F:\Repositorios\AppColectivos\Test\Test\app\routes\paradaColectivoRoutes.js.map
F:\Repositorios\AppColectivos\Test\Test\app\models\lineaColectivoModel.js
F:\Repositorios\AppColectivos\Test\Test\app\models\lineaColectivoModel.js.map
F:\Repositorios\AppColectivos\Test\Test\app\repositories\lineaColectivoRepository.js
F:\Repositorios\AppColectivos\Test\Test\app\repositories\lineaColectivoRepository.js.map
F:\Repositorios\AppColectivos\Test\Test\app\services\lineaCOlectivoService.js
F:\Repositorios\AppColectivos\Test\Test\app\services\lineaCOlectivoService.js.map
F:\Repositorios\AppColectivos\Test\Test\app\controllers\lineaColectivoController.js
F:\Repositorios\AppColectivos\Test\Test\app\controllers\lineaColectivoController.js.map
F:\Repositorios\AppColectivos\Test\Test\app\routes\lineaColectivoRoutes.js
F:\Repositorios\AppColectivos\Test\Test\app\routes\lineaColectivoRoutes.js.map
F:\Repositorios\AppColectivos\Test\Test\app\services\procesoTrasladoService.js
F:\Repositorios\AppColectivos\Test\Test\app\services\procesoTrasladoService.js.map
F:\Repositorios\AppColectivos\Test\Test\app\controllers\procesoTrasladoController.js
F:\Repositorios\AppColectivos\Test\Test\app\controllers\procesoTrasladoController.js.map
F:\Repositorios\AppColectivos\Test\Test\app\routes\procesoTrasladoRoutes.js
F:\Repositorios\AppColectivos\Test\Test\app\routes\procesoTrasladoRoutes.js.map
F:\Repositorios\AppColectivos\Test\Test\app.js
F:\Repositorios\AppColectivos\Test\Test\app.js.map
F:\Repositorios\AppColectivos\Test\Test\app\routes\index.js
F:\Repositorios\AppColectivos\Test\Test\app\routes\index.js.map
F:\Repositorios\AppColectivos\Test\Test\app\models\posicionGPSModel.js
F:\Repositorios\AppColectivos\Test\Test\app\models\posicionGPSModel.js.map
F:\Repositorios\AppColectivos\Test\Test\app\repositories\posicionGPSRepository.js
F:\Repositorios\AppColectivos\Test\Test\app\repositories\posicionGPSRepository.js.map
F:\Repositorios\AppColectivos\Test\Test\app\services\posicionGPSService.js
F:\Repositorios\AppColectivos\Test\Test\app\services\posicionGPSService.js.map
F:\Repositorios\AppColectivos\Test\Test\app\controllers\posicionGPSController.js
F:\Repositorios\AppColectivos\Test\Test\app\controllers\posicionGPSController.js.map
F:\Repositorios\AppColectivos\Test\Test\app\routes\posicionGPSRoutes.js
F:\Repositorios\AppColectivos\Test\Test\app\routes\posicionGPSRoutes.js.map
F:\Repositorios\AppColectivos\Test\Test\app\models\paradaColectivoModel.js
F:\Repositorios\AppColectivos\Test\Test\app\models\paradaColectivoModel.js.map
F:\Repositorios\AppColectivos\Test\Test\app\repositories\paradaColectivoRepository.js
F:\Repositorios\AppColectivos\Test\Test\app\repositories\paradaColectivoRepository.js.map
F:\Repositorios\AppColectivos\Test\Test\app\services\paradaColectivoService.js
F:\Repositorios\AppColectivos\Test\Test\app\services\paradaColectivoService.js.map
F:\Repositorios\AppColectivos\Test\Test\app\controllers\paradaColectivoController.js
F:\Repositorios\AppColectivos\Test\Test\app\controllers\paradaColectivoController.js.map
F:\Repositorios\AppColectivos\Test\Test\app\routes\paradaColectivoRoutes.js
F:\Repositorios\AppColectivos\Test\Test\app\routes\paradaColectivoRoutes.js.map
F:\Repositorios\AppColectivos\Test\Test\app\models\lineaColectivoModel.js
F:\Repositorios\AppColectivos\Test\Test\app\models\lineaColectivoModel.js.map
F:\Repositorios\AppColectivos\Test\Test\app\repositories\lineaColectivoRepository.js
F:\Repositorios\AppColectivos\Test\Test\app\repositories\lineaColectivoRepository.js.map
F:\Repositorios\AppColectivos\Test\Test\app\services\lineaCOlectivoService.js
F:\Repositorios\AppColectivos\Test\Test\app\services\lineaCOlectivoService.js.map
F:\Repositorios\AppColectivos\Test\Test\app\controllers\lineaColectivoController.js
F:\Repositorios\AppColectivos\Test\Test\app\controllers\lineaColectivoController.js.map
F:\Repositorios\AppColectivos\Test\Test\app\routes\lineaColectivoRoutes.js
F:\Repositorios\AppColectivos\Test\Test\app\routes\lineaColectivoRoutes.js.map
F:\Repositorios\AppColectivos\Test\Test\app\services\procesoTrasladoService.js
F:\Repositorios\AppColectivos\Test\Test\app\services\procesoTrasladoService.js.map
F:\Repositorios\AppColectivos\Test\Test\app\controllers\procesoTrasladoController.js
F:\Repositorios\AppColectivos\Test\Test\app\controllers\procesoTrasladoController.js.map
F:\Repositorios\AppColectivos\Test\Test\app\routes\procesoTrasladoRoutes.js
F:\Repositorios\AppColectivos\Test\Test\app\routes\procesoTrasladoRoutes.js.map
F:\Repositorios\AppColectivos\Test\Test\app.js
F:\Repositorios\AppColectivos\Test\Test\app.js.map
F:\Repositorios\AppColectivos\Test\Test\app\routes\index.js
F:\Repositorios\AppColectivos\Test\Test\app\routes\index.js.map
F:\Repositorios\AppColectivos\Test\Test\app\models\posicionGPSModel.js
F:\Repositorios\AppColectivos\Test\Test\app\models\posicionGPSModel.js.map
F:\Repositorios\AppColectivos\Test\Test\app\repositories\posicionGPSRepository.js
F:\Repositorios\AppColectivos\Test\Test\app\repositories\posicionGPSRepository.js.map
F:\Repositorios\AppColectivos\Test\Test\app\services\posicionGPSService.js
F:\Repositorios\AppColectivos\Test\Test\app\services\posicionGPSService.js.map
F:\Repositorios\AppColectivos\Test\Test\app\controllers\posicionGPSController.js
F:\Repositorios\AppColectivos\Test\Test\app\controllers\posicionGPSController.js.map
F:\Repositorios\AppColectivos\Test\Test\app\routes\posicionGPSRoutes.js
F:\Repositorios\AppColectivos\Test\Test\app\routes\posicionGPSRoutes.js.map
F:\Repositorios\AppColectivos\Test\Test\app\models\paradaColectivoModel.js
F:\Repositorios\AppColectivos\Test\Test\app\models\paradaColectivoModel.js.map
F:\Repositorios\AppColectivos\Test\Test\app\repositories\paradaColectivoRepository.js
F:\Repositorios\AppColectivos\Test\Test\app\repositories\paradaColectivoRepository.js.map
F:\Repositorios\AppColectivos\Test\Test\app\services\paradaColectivoService.js
F:\Repositorios\AppColectivos\Test\Test\app\services\paradaColectivoService.js.map
F:\Repositorios\AppColectivos\Test\Test\app\controllers\paradaColectivoController.js
F:\Repositorios\AppColectivos\Test\Test\app\controllers\paradaColectivoController.js.map
F:\Repositorios\AppColectivos\Test\Test\app\routes\paradaColectivoRoutes.js
F:\Repositorios\AppColectivos\Test\Test\app\routes\paradaColectivoRoutes.js.map
F:\Repositorios\AppColectivos\Test\Test\app\models\lineaColectivoModel.js
F:\Repositorios\AppColectivos\Test\Test\app\models\lineaColectivoModel.js.map
F:\Repositorios\AppColectivos\Test\Test\app\repositories\lineaColectivoRepository.js
F:\Repositorios\AppColectivos\Test\Test\app\repositories\lineaColectivoRepository.js.map
F:\Repositorios\AppColectivos\Test\Test\app\services\lineaCOlectivoService.js
F:\Repositorios\AppColectivos\Test\Test\app\services\lineaCOlectivoService.js.map
F:\Repositorios\AppColectivos\Test\Test\app\controllers\lineaColectivoController.js
F:\Repositorios\AppColectivos\Test\Test\app\controllers\lineaColectivoController.js.map
F:\Repositorios\AppColectivos\Test\Test\app\routes\lineaColectivoRoutes.js
F:\Repositorios\AppColectivos\Test\Test\app\routes\lineaColectivoRoutes.js.map
F:\Repositorios\AppColectivos\Test\Test\app\services\procesoTrasladoService.js
F:\Repositorios\AppColectivos\Test\Test\app\services\procesoTrasladoService.js.map
F:\Repositorios\AppColectivos\Test\Test\app\controllers\procesoTrasladoController.js
F:\Repositorios\AppColectivos\Test\Test\app\controllers\procesoTrasladoController.js.map
F:\Repositorios\AppColectivos\Test\Test\app\routes\procesoTrasladoRoutes.js
F:\Repositorios\AppColectivos\Test\Test\app\routes\procesoTrasladoRoutes.js.map
F:\Repositorios\AppColectivos\Test\Test\app.js
F:\Repositorios\AppColectivos\Test\Test\app.js.map
F:\Repositorios\AppColectivos\Test\Test\app\routes\index.js
F:\Repositorios\AppColectivos\Test\Test\app\routes\index.js.map
F:\Repositorios\AppColectivos\Test\Test\app\models\posicionGPSModel.js
F:\Repositorios\AppColectivos\Test\Test\app\models\posicionGPSModel.js.map
F:\Repositorios\AppColectivos\Test\Test\app\repositories\posicionGPSRepository.js
F:\Repositorios\AppColectivos\Test\Test\app\repositories\posicionGPSRepository.js.map
F:\Repositorios\AppColectivos\Test\Test\app\services\posicionGPSService.js
F:\Repositorios\AppColectivos\Test\Test\app\services\posicionGPSService.js.map
F:\Repositorios\AppColectivos\Test\Test\app\controllers\posicionGPSController.js
F:\Repositorios\AppColectivos\Test\Test\app\controllers\posicionGPSController.js.map
F:\Repositorios\AppColectivos\Test\Test\app\routes\posicionGPSRoutes.js
F:\Repositorios\AppColectivos\Test\Test\app\routes\posicionGPSRoutes.js.map
F:\Repositorios\AppColectivos\Test\Test\app\models\paradaColectivoModel.js
F:\Repositorios\AppColectivos\Test\Test\app\models\paradaColectivoModel.js.map
F:\Repositorios\AppColectivos\Test\Test\app\repositories\paradaColectivoRepository.js
F:\Repositorios\AppColectivos\Test\Test\app\repositories\paradaColectivoRepository.js.map
F:\Repositorios\AppColectivos\Test\Test\app\services\paradaColectivoService.js
F:\Repositorios\AppColectivos\Test\Test\app\services\paradaColectivoService.js.map
F:\Repositorios\AppColectivos\Test\Test\app\controllers\paradaColectivoController.js
F:\Repositorios\AppColectivos\Test\Test\app\controllers\paradaColectivoController.js.map
F:\Repositorios\AppColectivos\Test\Test\app\routes\paradaColectivoRoutes.js
F:\Repositorios\AppColectivos\Test\Test\app\routes\paradaColectivoRoutes.js.map
F:\Repositorios\AppColectivos\Test\Test\app\models\lineaColectivoModel.js
F:\Repositorios\AppColectivos\Test\Test\app\models\lineaColectivoModel.js.map
F:\Repositorios\AppColectivos\Test\Test\app\repositories\lineaColectivoRepository.js
F:\Repositorios\AppColectivos\Test\Test\app\repositories\lineaColectivoRepository.js.map
F:\Repositorios\AppColectivos\Test\Test\app\services\lineaCOlectivoService.js
F:\Repositorios\AppColectivos\Test\Test\app\services\lineaCOlectivoService.js.map
F:\Repositorios\AppColectivos\Test\Test\app\controllers\lineaColectivoController.js
F:\Repositorios\AppColectivos\Test\Test\app\controllers\lineaColectivoController.js.map
F:\Repositorios\AppColectivos\Test\Test\app\routes\lineaColectivoRoutes.js
F:\Repositorios\AppColectivos\Test\Test\app\routes\lineaColectivoRoutes.js.map
F:\Repositorios\AppColectivos\Test\Test\app\services\procesoTrasladoService.js
F:\Repositorios\AppColectivos\Test\Test\app\services\procesoTrasladoService.js.map
F:\Repositorios\AppColectivos\Test\Test\app\controllers\procesoTrasladoController.js
F:\Repositorios\AppColectivos\Test\Test\app\controllers\procesoTrasladoController.js.map
F:\Repositorios\AppColectivos\Test\Test\app\routes\procesoTrasladoRoutes.js
F:\Repositorios\AppColectivos\Test\Test\app\routes\procesoTrasladoRoutes.js.map
F:\Repositorios\AppColectivos\Test\Test\app.js
F:\Repositorios\AppColectivos\Test\Test\app.js.map
F:\Repositorios\AppColectivos\Test\Test\app\routes\index.js
F:\Repositorios\AppColectivos\Test\Test\app\routes\index.js.map
F:\Repositorios\AppColectivos\Test\Test\app\models\posicionGPSModel.js
F:\Repositorios\AppColectivos\Test\Test\app\models\posicionGPSModel.js.map
F:\Repositorios\AppColectivos\Test\Test\app\repositories\posicionGPSRepository.js
F:\Repositorios\AppColectivos\Test\Test\app\repositories\posicionGPSRepository.js.map
F:\Repositorios\AppColectivos\Test\Test\app\services\posicionGPSService.js
F:\Repositorios\AppColectivos\Test\Test\app\services\posicionGPSService.js.map
F:\Repositorios\AppColectivos\Test\Test\app\controllers\posicionGPSController.js
F:\Repositorios\AppColectivos\Test\Test\app\controllers\posicionGPSController.js.map
F:\Repositorios\AppColectivos\Test\Test\app\routes\posicionGPSRoutes.js
F:\Repositorios\AppColectivos\Test\Test\app\routes\posicionGPSRoutes.js.map
F:\Repositorios\AppColectivos\Test\Test\app\models\paradaColectivoModel.js
F:\Repositorios\AppColectivos\Test\Test\app\models\paradaColectivoModel.js.map
F:\Repositorios\AppColectivos\Test\Test\app\repositories\paradaColectivoRepository.js
F:\Repositorios\AppColectivos\Test\Test\app\repositories\paradaColectivoRepository.js.map
F:\Repositorios\AppColectivos\Test\Test\app\services\paradaColectivoService.js
F:\Repositorios\AppColectivos\Test\Test\app\services\paradaColectivoService.js.map
F:\Repositorios\AppColectivos\Test\Test\app\controllers\paradaColectivoController.js
F:\Repositorios\AppColectivos\Test\Test\app\controllers\paradaColectivoController.js.map
F:\Repositorios\AppColectivos\Test\Test\app\routes\paradaColectivoRoutes.js
F:\Repositorios\AppColectivos\Test\Test\app\routes\paradaColectivoRoutes.js.map
F:\Repositorios\AppColectivos\Test\Test\app\models\lineaColectivoModel.js
F:\Repositorios\AppColectivos\Test\Test\app\models\lineaColectivoModel.js.map
F:\Repositorios\AppColectivos\Test\Test\app\repositories\lineaColectivoRepository.js
F:\Repositorios\AppColectivos\Test\Test\app\repositories\lineaColectivoRepository.js.map
F:\Repositorios\AppColectivos\Test\Test\app\services\lineaCOlectivoService.js
F:\Repositorios\AppColectivos\Test\Test\app\services\lineaCOlectivoService.js.map
F:\Repositorios\AppColectivos\Test\Test\app\controllers\lineaColectivoController.js
F:\Repositorios\AppColectivos\Test\Test\app\controllers\lineaColectivoController.js.map
F:\Repositorios\AppColectivos\Test\Test\app\routes\lineaColectivoRoutes.js
F:\Repositorios\AppColectivos\Test\Test\app\routes\lineaColectivoRoutes.js.map
F:\Repositorios\AppColectivos\Test\Test\app\services\procesoTrasladoService.js
F:\Repositorios\AppColectivos\Test\Test\app\services\procesoTrasladoService.js.map
F:\Repositorios\AppColectivos\Test\Test\app\controllers\procesoTrasladoController.js
F:\Repositorios\AppColectivos\Test\Test\app\controllers\procesoTrasladoController.js.map
F:\Repositorios\AppColectivos\Test\Test\app\routes\procesoTrasladoRoutes.js
F:\Repositorios\AppColectivos\Test\Test\app\routes\procesoTrasladoRoutes.js.map
F:\Repositorios\AppColectivos\Test\Test\app.js
F:\Repositorios\AppColectivos\Test\Test\app.js.map
F:\Repositorios\AppColectivos\Test\Test\app\routes\index.js
F:\Repositorios\AppColectivos\Test\Test\app\routes\index.js.map
F:\Repositorios\AppColectivos\Test\Test\app\models\posicionGPSModel.js
F:\Repositorios\AppColectivos\Test\Test\app\models\posicionGPSModel.js.map
F:\Repositorios\AppColectivos\Test\Test\app\repositories\posicionGPSRepository.js
F:\Repositorios\AppColectivos\Test\Test\app\repositories\posicionGPSRepository.js.map
F:\Repositorios\AppColectivos\Test\Test\app\services\posicionGPSService.js
F:\Repositorios\AppColectivos\Test\Test\app\services\posicionGPSService.js.map
F:\Repositorios\AppColectivos\Test\Test\app\controllers\posicionGPSController.js
F:\Repositorios\AppColectivos\Test\Test\app\controllers\posicionGPSController.js.map
F:\Repositorios\AppColectivos\Test\Test\app\routes\posicionGPSRoutes.js
F:\Repositorios\AppColectivos\Test\Test\app\routes\posicionGPSRoutes.js.map
F:\Repositorios\AppColectivos\Test\Test\app\models\paradaColectivoModel.js
F:\Repositorios\AppColectivos\Test\Test\app\models\paradaColectivoModel.js.map
F:\Repositorios\AppColectivos\Test\Test\app\repositories\paradaColectivoRepository.js
F:\Repositorios\AppColectivos\Test\Test\app\repositories\paradaColectivoRepository.js.map
F:\Repositorios\AppColectivos\Test\Test\app\services\paradaColectivoService.js
F:\Repositorios\AppColectivos\Test\Test\app\services\paradaColectivoService.js.map
F:\Repositorios\AppColectivos\Test\Test\app\controllers\paradaColectivoController.js
F:\Repositorios\AppColectivos\Test\Test\app\controllers\paradaColectivoController.js.map
F:\Repositorios\AppColectivos\Test\Test\app\routes\paradaColectivoRoutes.js
F:\Repositorios\AppColectivos\Test\Test\app\routes\paradaColectivoRoutes.js.map
F:\Repositorios\AppColectivos\Test\Test\app\models\lineaColectivoModel.js
F:\Repositorios\AppColectivos\Test\Test\app\models\lineaColectivoModel.js.map
F:\Repositorios\AppColectivos\Test\Test\app\repositories\lineaColectivoRepository.js
F:\Repositorios\AppColectivos\Test\Test\app\repositories\lineaColectivoRepository.js.map
F:\Repositorios\AppColectivos\Test\Test\app\services\lineaCOlectivoService.js
F:\Repositorios\AppColectivos\Test\Test\app\services\lineaCOlectivoService.js.map
F:\Repositorios\AppColectivos\Test\Test\app\controllers\lineaColectivoController.js
F:\Repositorios\AppColectivos\Test\Test\app\controllers\lineaColectivoController.js.map
F:\Repositorios\AppColectivos\Test\Test\app\routes\lineaColectivoRoutes.js
F:\Repositorios\AppColectivos\Test\Test\app\routes\lineaColectivoRoutes.js.map
F:\Repositorios\AppColectivos\Test\Test\app\services\procesoTrasladoService.js
F:\Repositorios\AppColectivos\Test\Test\app\services\procesoTrasladoService.js.map
F:\Repositorios\AppColectivos\Test\Test\app\controllers\procesoTrasladoController.js
F:\Repositorios\AppColectivos\Test\Test\app\controllers\procesoTrasladoController.js.map
F:\Repositorios\AppColectivos\Test\Test\app\routes\procesoTrasladoRoutes.js
F:\Repositorios\AppColectivos\Test\Test\app\routes\procesoTrasladoRoutes.js.map
F:\Repositorios\AppColectivos\Test\Test\app.js
F:\Repositorios\AppColectivos\Test\Test\app.js.map
F:\Repositorios\AppColectivos\Test\Test\app\routes\index.js
F:\Repositorios\AppColectivos\Test\Test\app\routes\index.js.map
F:\Repositorios\AppColectivos\Test\Test\app\models\posicionGPSModel.js
F:\Repositorios\AppColectivos\Test\Test\app\models\posicionGPSModel.js.map
F:\Repositorios\AppColectivos\Test\Test\app\repositories\posicionGPSRepository.js
F:\Repositorios\AppColectivos\Test\Test\app\repositories\posicionGPSRepository.js.map
F:\Repositorios\AppColectivos\Test\Test\app\services\posicionGPSService.js
F:\Repositorios\AppColectivos\Test\Test\app\services\posicionGPSService.js.map
F:\Repositorios\AppColectivos\Test\Test\app\controllers\posicionGPSController.js
F:\Repositorios\AppColectivos\Test\Test\app\controllers\posicionGPSController.js.map
F:\Repositorios\AppColectivos\Test\Test\app\routes\posicionGPSRoutes.js
F:\Repositorios\AppColectivos\Test\Test\app\routes\posicionGPSRoutes.js.map
F:\Repositorios\AppColectivos\Test\Test\app\models\paradaColectivoModel.js
F:\Repositorios\AppColectivos\Test\Test\app\models\paradaColectivoModel.js.map
F:\Repositorios\AppColectivos\Test\Test\app\repositories\paradaColectivoRepository.js
F:\Repositorios\AppColectivos\Test\Test\app\repositories\paradaColectivoRepository.js.map
F:\Repositorios\AppColectivos\Test\Test\app\services\paradaColectivoService.js
F:\Repositorios\AppColectivos\Test\Test\app\services\paradaColectivoService.js.map
F:\Repositorios\AppColectivos\Test\Test\app\controllers\paradaColectivoController.js
F:\Repositorios\AppColectivos\Test\Test\app\controllers\paradaColectivoController.js.map
F:\Repositorios\AppColectivos\Test\Test\app\routes\paradaColectivoRoutes.js
F:\Repositorios\AppColectivos\Test\Test\app\routes\paradaColectivoRoutes.js.map
F:\Repositorios\AppColectivos\Test\Test\app\models\lineaColectivoModel.js
F:\Repositorios\AppColectivos\Test\Test\app\models\lineaColectivoModel.js.map
F:\Repositorios\AppColectivos\Test\Test\app\repositories\lineaColectivoRepository.js
F:\Repositorios\AppColectivos\Test\Test\app\repositories\lineaColectivoRepository.js.map
F:\Repositorios\AppColectivos\Test\Test\app\services\lineaCOlectivoService.js
F:\Repositorios\AppColectivos\Test\Test\app\services\lineaCOlectivoService.js.map
F:\Repositorios\AppColectivos\Test\Test\app\controllers\lineaColectivoController.js
F:\Repositorios\AppColectivos\Test\Test\app\controllers\lineaColectivoController.js.map
F:\Repositorios\AppColectivos\Test\Test\app\routes\lineaColectivoRoutes.js
F:\Repositorios\AppColectivos\Test\Test\app\routes\lineaColectivoRoutes.js.map
F:\Repositorios\AppColectivos\Test\Test\app\services\procesoTrasladoService.js
F:\Repositorios\AppColectivos\Test\Test\app\services\procesoTrasladoService.js.map
F:\Repositorios\AppColectivos\Test\Test\app\controllers\procesoTrasladoController.js
F:\Repositorios\AppColectivos\Test\Test\app\controllers\procesoTrasladoController.js.map
F:\Repositorios\AppColectivos\Test\Test\app\routes\procesoTrasladoRoutes.js
F:\Repositorios\AppColectivos\Test\Test\app\routes\procesoTrasladoRoutes.js.map
F:\Repositorios\AppColectivos\Test\Test\app.js
F:\Repositorios\AppColectivos\Test\Test\app.js.map
F:\Repositorios\AppColectivos\Test\Test\app\routes\index.js
F:\Repositorios\AppColectivos\Test\Test\app\routes\index.js.map
F:\Repositorios\AppColectivos\Test\Test\app\models\posicionGPSModel.js
F:\Repositorios\AppColectivos\Test\Test\app\models\posicionGPSModel.js.map
F:\Repositorios\AppColectivos\Test\Test\app\repositories\posicionGPSRepository.js
F:\Repositorios\AppColectivos\Test\Test\app\repositories\posicionGPSRepository.js.map
F:\Repositorios\AppColectivos\Test\Test\app\services\posicionGPSService.js
F:\Repositorios\AppColectivos\Test\Test\app\services\posicionGPSService.js.map
F:\Repositorios\AppColectivos\Test\Test\app\controllers\posicionGPSController.js
F:\Repositorios\AppColectivos\Test\Test\app\controllers\posicionGPSController.js.map
F:\Repositorios\AppColectivos\Test\Test\app\routes\posicionGPSRoutes.js
F:\Repositorios\AppColectivos\Test\Test\app\routes\posicionGPSRoutes.js.map
F:\Repositorios\AppColectivos\Test\Test\app\models\paradaColectivoModel.js
F:\Repositorios\AppColectivos\Test\Test\app\models\paradaColectivoModel.js.map
F:\Repositorios\AppColectivos\Test\Test\app\repositories\paradaColectivoRepository.js
F:\Repositorios\AppColectivos\Test\Test\app\repositories\paradaColectivoRepository.js.map
F:\Repositorios\AppColectivos\Test\Test\app\services\paradaColectivoService.js
F:\Repositorios\AppColectivos\Test\Test\app\services\paradaColectivoService.js.map
F:\Repositorios\AppColectivos\Test\Test\app\controllers\paradaColectivoController.js
F:\Repositorios\AppColectivos\Test\Test\app\controllers\paradaColectivoController.js.map
F:\Repositorios\AppColectivos\Test\Test\app\routes\paradaColectivoRoutes.js
F:\Repositorios\AppColectivos\Test\Test\app\routes\paradaColectivoRoutes.js.map
F:\Repositorios\AppColectivos\Test\Test\app\models\lineaColectivoModel.js
F:\Repositorios\AppColectivos\Test\Test\app\models\lineaColectivoModel.js.map
F:\Repositorios\AppColectivos\Test\Test\app\repositories\lineaColectivoRepository.js
F:\Repositorios\AppColectivos\Test\Test\app\repositories\lineaColectivoRepository.js.map
F:\Repositorios\AppColectivos\Test\Test\app\services\lineaCOlectivoService.js
F:\Repositorios\AppColectivos\Test\Test\app\services\lineaCOlectivoService.js.map
F:\Repositorios\AppColectivos\Test\Test\app\controllers\lineaColectivoController.js
F:\Repositorios\AppColectivos\Test\Test\app\controllers\lineaColectivoController.js.map
F:\Repositorios\AppColectivos\Test\Test\app\routes\lineaColectivoRoutes.js
F:\Repositorios\AppColectivos\Test\Test\app\routes\lineaColectivoRoutes.js.map
F:\Repositorios\AppColectivos\Test\Test\app\services\procesoTrasladoService.js
F:\Repositorios\AppColectivos\Test\Test\app\services\procesoTrasladoService.js.map
F:\Repositorios\AppColectivos\Test\Test\app\controllers\procesoTrasladoController.js
F:\Repositorios\AppColectivos\Test\Test\app\controllers\procesoTrasladoController.js.map
F:\Repositorios\AppColectivos\Test\Test\app\routes\procesoTrasladoRoutes.js
F:\Repositorios\AppColectivos\Test\Test\app\routes\procesoTrasladoRoutes.js.map
F:\Repositorios\AppColectivos\Test\Test\app.js
F:\Repositorios\AppColectivos\Test\Test\app.js.map
F:\Repositorios\AppColectivos\Test\Test\app\routes\index.js
F:\Repositorios\AppColectivos\Test\Test\app\routes\index.js.map
F:\Repositorios\AppColectivos\Test\Test\app\models\posicionGPSModel.js
F:\Repositorios\AppColectivos\Test\Test\app\models\posicionGPSModel.js.map
F:\Repositorios\AppColectivos\Test\Test\app\repositories\posicionGPSRepository.js
F:\Repositorios\AppColectivos\Test\Test\app\repositories\posicionGPSRepository.js.map
F:\Repositorios\AppColectivos\Test\Test\app\services\posicionGPSService.js
F:\Repositorios\AppColectivos\Test\Test\app\services\posicionGPSService.js.map
F:\Repositorios\AppColectivos\Test\Test\app\controllers\posicionGPSController.js
F:\Repositorios\AppColectivos\Test\Test\app\controllers\posicionGPSController.js.map
F:\Repositorios\AppColectivos\Test\Test\app\routes\posicionGPSRoutes.js
F:\Repositorios\AppColectivos\Test\Test\app\routes\posicionGPSRoutes.js.map
F:\Repositorios\AppColectivos\Test\Test\app\models\paradaColectivoModel.js
F:\Repositorios\AppColectivos\Test\Test\app\models\paradaColectivoModel.js.map
F:\Repositorios\AppColectivos\Test\Test\app\repositories\paradaColectivoRepository.js
F:\Repositorios\AppColectivos\Test\Test\app\repositories\paradaColectivoRepository.js.map
F:\Repositorios\AppColectivos\Test\Test\app\services\paradaColectivoService.js
F:\Repositorios\AppColectivos\Test\Test\app\services\paradaColectivoService.js.map
F:\Repositorios\AppColectivos\Test\Test\app\controllers\paradaColectivoController.js
F:\Repositorios\AppColectivos\Test\Test\app\controllers\paradaColectivoController.js.map
F:\Repositorios\AppColectivos\Test\Test\app\routes\paradaColectivoRoutes.js
F:\Repositorios\AppColectivos\Test\Test\app\routes\paradaColectivoRoutes.js.map
F:\Repositorios\AppColectivos\Test\Test\app\models\lineaColectivoModel.js
F:\Repositorios\AppColectivos\Test\Test\app\models\lineaColectivoModel.js.map
F:\Repositorios\AppColectivos\Test\Test\app\repositories\lineaColectivoRepository.js
F:\Repositorios\AppColectivos\Test\Test\app\repositories\lineaColectivoRepository.js.map
F:\Repositorios\AppColectivos\Test\Test\app\services\lineaCOlectivoService.js
F:\Repositorios\AppColectivos\Test\Test\app\services\lineaCOlectivoService.js.map
F:\Repositorios\AppColectivos\Test\Test\app\controllers\lineaColectivoController.js
F:\Repositorios\AppColectivos\Test\Test\app\controllers\lineaColectivoController.js.map
F:\Repositorios\AppColectivos\Test\Test\app\routes\lineaColectivoRoutes.js
F:\Repositorios\AppColectivos\Test\Test\app\routes\lineaColectivoRoutes.js.map
F:\Repositorios\AppColectivos\Test\Test\app\services\procesoTrasladoService.js
F:\Repositorios\AppColectivos\Test\Test\app\services\procesoTrasladoService.js.map
F:\Repositorios\AppColectivos\Test\Test\app\controllers\procesoTrasladoController.js
F:\Repositorios\AppColectivos\Test\Test\app\controllers\procesoTrasladoController.js.map
F:\Repositorios\AppColectivos\Test\Test\app\routes\procesoTrasladoRoutes.js
F:\Repositorios\AppColectivos\Test\Test\app\routes\procesoTrasladoRoutes.js.map
F:\Repositorios\AppColectivos\Test\Test\app.js
F:\Repositorios\AppColectivos\Test\Test\app.js.map
F:\Repositorios\AppColectivos\Test\Test\app\routes\index.js
F:\Repositorios\AppColectivos\Test\Test\app\routes\index.js.map
F:\Repositorios\AppColectivos\Test\Test\app\models\posicionGPSModel.js
F:\Repositorios\AppColectivos\Test\Test\app\models\posicionGPSModel.js.map
F:\Repositorios\AppColectivos\Test\Test\app\repositories\posicionGPSRepository.js
F:\Repositorios\AppColectivos\Test\Test\app\repositories\posicionGPSRepository.js.map
F:\Repositorios\AppColectivos\Test\Test\app\services\posicionGPSService.js
F:\Repositorios\AppColectivos\Test\Test\app\services\posicionGPSService.js.map
F:\Repositorios\AppColectivos\Test\Test\app\controllers\posicionGPSController.js
F:\Repositorios\AppColectivos\Test\Test\app\controllers\posicionGPSController.js.map
F:\Repositorios\AppColectivos\Test\Test\app\routes\posicionGPSRoutes.js
F:\Repositorios\AppColectivos\Test\Test\app\routes\posicionGPSRoutes.js.map
F:\Repositorios\AppColectivos\Test\Test\app\models\paradaColectivoModel.js
F:\Repositorios\AppColectivos\Test\Test\app\models\paradaColectivoModel.js.map
F:\Repositorios\AppColectivos\Test\Test\app\repositories\paradaColectivoRepository.js
F:\Repositorios\AppColectivos\Test\Test\app\repositories\paradaColectivoRepository.js.map
F:\Repositorios\AppColectivos\Test\Test\app\services\paradaColectivoService.js
F:\Repositorios\AppColectivos\Test\Test\app\services\paradaColectivoService.js.map
F:\Repositorios\AppColectivos\Test\Test\app\controllers\paradaColectivoController.js
F:\Repositorios\AppColectivos\Test\Test\app\controllers\paradaColectivoController.js.map
F:\Repositorios\AppColectivos\Test\Test\app\routes\paradaColectivoRoutes.js
F:\Repositorios\AppColectivos\Test\Test\app\routes\paradaColectivoRoutes.js.map
F:\Repositorios\AppColectivos\Test\Test\app\models\lineaColectivoModel.js
F:\Repositorios\AppColectivos\Test\Test\app\models\lineaColectivoModel.js.map
F:\Repositorios\AppColectivos\Test\Test\app\repositories\lineaColectivoRepository.js
F:\Repositorios\AppColectivos\Test\Test\app\repositories\lineaColectivoRepository.js.map
F:\Repositorios\AppColectivos\Test\Test\app\services\lineaCOlectivoService.js
F:\Repositorios\AppColectivos\Test\Test\app\services\lineaCOlectivoService.js.map
F:\Repositorios\AppColectivos\Test\Test\app\controllers\lineaColectivoController.js
F:\Repositorios\AppColectivos\Test\Test\app\controllers\lineaColectivoController.js.map
F:\Repositorios\AppColectivos\Test\Test\app\routes\lineaColectivoRoutes.js
F:\Repositorios\AppColectivos\Test\Test\app\routes\lineaColectivoRoutes.js.map
F:\Repositorios\AppColectivos\Test\Test\app\services\procesoTrasladoService.js
F:\Repositorios\AppColectivos\Test\Test\app\services\procesoTrasladoService.js.map
F:\Repositorios\AppColectivos\Test\Test\app\controllers\procesoTrasladoController.js
F:\Repositorios\AppColectivos\Test\Test\app\controllers\procesoTrasladoController.js.map
F:\Repositorios\AppColectivos\Test\Test\app\routes\procesoTrasladoRoutes.js
F:\Repositorios\AppColectivos\Test\Test\app\routes\procesoTrasladoRoutes.js.map
F:\Repositorios\AppColectivos\Test\Test\app.js
F:\Repositorios\AppColectivos\Test\Test\app.js.map
